[dawnannsdressdesign.com/index.html]
[backblue.gif]
[fade.gif]
[index.html]
[dawnannsdressdesign.com/img/bannerVipbet88.jpg]
[667971-07.myshopify.com/cdn/shop/t/2/assets/constantsbd0d.js]
[667971-07.myshopify.com/cdn/shop/t/2/assets/pubsub79c7.js]
[667971-07.myshopify.com/cdn/shop/t/2/assets/globalfe71.js]
[667971-07.myshopify.com/cdn/shop/t/2/assets/animationsa3ad.js]
[dawnannsdressdesign.com/.oembed]
[dawnannsdressdesign.com/checkouts/internal/preloadsf399.js]
[cdn.shopify.com/shopifycloud/storefront-recaptcha-v3/v0.6/index.js]
[667971-07.myshopify.com/cdn/shopifycloud/shopify/assets/storefront/load_feature-87876fa245af19cbd14aa886ed59c6aa8a27c45d24dcd7a81cf2d2323506233e.js]
[667971-07.myshopify.com/cdn/shopifycloud/portable-wallets/latest/portable-wallets.en.js]
[667971-07.myshopify.com/cdn/shopifycloud/shopify/assets/storefront/features-1c0b396bd4d054b94abae1eb6a1bd6ba47beb35525c57a217c77a862ff06d83f.js]
[667971-07.myshopify.com/cdn/shop/t/2/assets/base1def.css]
[667971-07.myshopify.com/cdn/shop/t/2/assets/component-predictive-search05fa.css]
[dawnannsdressdesign.com/POST]
[667971-07.myshopify.com/cdn/s/trekkie.storefront.d88aa5f007759294e4f3b66e32cebf97843d3efb.min.js]
[667971-07.myshopify.com/cdn/shopifycloud/shopify/assets/shop_events_listener-a7c63dba65ccddc484f77541dc8ca437e60e1e9e297fe1c3faebf6523a0ede9b.js]
[667971-07.myshopify.com/cdn/shopifycloud/boomerang/shopify-boomerang-1.0.0.min.js]
[667971-07.myshopify.com/cdn/shop/t/2/assets/component-slideshowc467.css]
[667971-07.myshopify.com/cdn/shop/t/2/assets/component-sliderf542.css]
[667971-07.myshopify.com/cdn/shop/t/2/assets/section-main-product09c1.css]
[667971-07.myshopify.com/cdn/shop/t/2/assets/component-accordionf130.css]
[667971-07.myshopify.com/cdn/shop/t/2/assets/component-price7f2d.css]
[667971-07.myshopify.com/cdn/shop/t/2/assets/component-rating4341.css]
[667971-07.myshopify.com/cdn/shop/t/2/assets/component-deferred-mediafb52.css]
[667971-07.myshopify.com/cdn/shop/t/2/assets/product-infoc83b.js]
[667971-07.myshopify.com/cdn/shop/t/2/assets/product-form3d1c.js]
[667971-07.myshopify.com/cdn/shop/t/2/assets/component-loading-spinner1cf6.css]
[dawnannsdressdesign.com/products/vipbet88-situs-judi-bola-terpercaya-sbobet88-judi-online-terbaru.30.delayed]
[dawnannsdressdesign.com/img/daftar-disini.gif]
[667971-07.myshopify.com/cdn/shop/t/2/assets/sharedd8e.js]
[667971-07.myshopify.com/cdn/shop/t/2/assets/product-modala860.js]
[667971-07.myshopify.com/cdn/shop/t/2/assets/media-galleryf78c.js]
[667971-07.myshopify.com/cdn/shop/t/2/assets/component-cardcd7f.css]
[667971-07.myshopify.com/cdn/shop/t/2/assets/section-related-products2cce.css]
[667971-07.myshopify.com/cdn/shop/t/2/assets/component-newsletter6580.css]
[dawnannsdressdesign.com/Trident/index.html]
[667971-07.myshopify.com/cdn/shop/t/2/assets/newsletter-sectioncc8c.css]
[667971-07.myshopify.com/cdn/shop/t/2/assets/section-footerd512.css]
[667971-07.myshopify.com/cdn/shop/t/2/assets/component-list-menua1bb.css]
[667971-07.myshopify.com/cdn/shop/t/2/assets/component-list-payment1ee3.css]
[667971-07.myshopify.com/cdn/shop/t/2/assets/component-list-social1c34.css]
[dawnannsdressdesign.com/index.html]
[dawnannsdressdesign.com/.html]
[dawnannsdressdesign.com/checkouts/internal/preloadsf399.html]
[shop.app/checkouts/internal/preloads73b3.js]
[667971-07.myshopify.com/cdn/shop/t/2/assets/predictive-searcha3dd.js]
[667971-07.myshopify.com/cdn/shop/t/2/assets/sparkle.gif]
[667971-07.myshopify.com/cdn/shop/t/2/assets/base1def.css]
[667971-07.myshopify.com/cdn/shop/t/2/assets/component-predictive-search05fa.css]
[dawnannsdressdesign.com/POST.html]
[667971-07.myshopify.com/cdn/shop/t/2/assets/component-slideshowc467.css]
[667971-07.myshopify.com/cdn/shop/t/2/assets/component-sliderf542.css]
[667971-07.myshopify.com/cdn/shop/t/2/assets/section-main-product09c1.css]
[667971-07.myshopify.com/cdn/shop/t/2/assets/component-accordionf130.css]
[667971-07.myshopify.com/cdn/shop/t/2/assets/component-price7f2d.css]
[667971-07.myshopify.com/cdn/shop/t/2/assets/component-rating4341.css]
[667971-07.myshopify.com/cdn/shop/t/2/assets/component-deferred-mediafb52.css]
[667971-07.myshopify.com/cdn/shop/t/2/assets/component-loading-spinner1cf6.css]
[dawnannsdressdesign.com/products/vipbet88-situs-judi-bola-terpercaya-sbobet88-judi-online-terbaru.html]
[dawnannsdressdesign.com/Trident/index.html]
[667971-07.myshopify.com/cdn/shop/t/2/assets/component-cardcd7f.css]
[667971-07.myshopify.com/cdn/shop/t/2/assets/section-related-products2cce.css]
[667971-07.myshopify.com/cdn/shop/t/2/assets/component-newsletter6580.css]
[667971-07.myshopify.com/cdn/shop/t/2/assets/newsletter-sectioncc8c.css]
[667971-07.myshopify.com/cdn/shop/t/2/assets/section-footerd512.css]
[667971-07.myshopify.com/cdn/shop/t/2/assets/component-list-menua1bb.css]
[667971-07.myshopify.com/cdn/shop/t/2/assets/component-list-payment1ee3.css]
[667971-07.myshopify.com/cdn/shop/t/2/assets/component-list-social1c34.css]
